
> Task :compileJava
Note: /Users/changjun/Desktop/project/daypoo/backend/src/main/java/com/daypoo/api/security/KakaoOAuth2UserInfo.java uses unchecked or unsafe operations.
Note: Recompile with -Xlint:unchecked for details.

> Task :processResources UP-TO-DATE
> Task :classes
> Task :resolveMainClassName

> Task :bootRun

  .   ____          _            __ _ _
 /\\ / ___'_ __ _ _(_)_ __  __ _ \ \ \ \
( ( )\___ | '_ | '_| | '_ \/ _` | \ \ \ \
 \\/  ___)| |_)| | | | | || (_| |  ) ) ) )
  '  |____| .__|_| |_|_| |_\__, | / / / /
 =========|_|==============|___/=/_/_/_/

 :: Spring Boot ::                (v3.4.3)

2026-03-18T14:22:06.822+09:00  INFO 21813 --- [daypoo-api] [           main] com.daypoo.api.ApiApplication            : Starting ApiApplication using Java 21.0.9 with PID 21813 (/Users/changjun/Desktop/project/daypoo/backend/build/classes/java/main started by changjun in /Users/changjun/Desktop/project/daypoo/backend)
2026-03-18T14:22:06.823+09:00  INFO 21813 --- [daypoo-api] [           main] com.daypoo.api.ApiApplication            : No active profile set, falling back to 1 default profile: "default"
2026-03-18T14:22:07.415+09:00  INFO 21813 --- [daypoo-api] [           main] .s.d.r.c.RepositoryConfigurationDelegate : Multiple Spring Data modules found, entering strict repository configuration mode
2026-03-18T14:22:07.416+09:00  INFO 21813 --- [daypoo-api] [           main] .s.d.r.c.RepositoryConfigurationDelegate : Bootstrapping Spring Data JPA repositories in DEFAULT mode.
2026-03-18T14:22:07.508+09:00  INFO 21813 --- [daypoo-api] [           main] .s.d.r.c.RepositoryConfigurationDelegate : Finished Spring Data repository scanning in 87 ms. Found 10 JPA repository interfaces.
2026-03-18T14:22:07.517+09:00  INFO 21813 --- [daypoo-api] [           main] .s.d.r.c.RepositoryConfigurationDelegate : Multiple Spring Data modules found, entering strict repository configuration mode
2026-03-18T14:22:07.518+09:00  INFO 21813 --- [daypoo-api] [           main] .s.d.r.c.RepositoryConfigurationDelegate : Bootstrapping Spring Data Redis repositories in DEFAULT mode.
2026-03-18T14:22:07.528+09:00  INFO 21813 --- [daypoo-api] [           main] .RepositoryConfigurationExtensionSupport : Spring Data Redis - Could not safely identify store assignment for repository candidate interface com.daypoo.api.repository.FaqRepository; If you want this repository to be a Redis repository, consider annotating your entities with one of these annotations: org.springframework.data.redis.core.RedisHash (preferred), or consider extending one of the following types with your repository: org.springframework.data.keyvalue.repository.KeyValueRepository
2026-03-18T14:22:07.528+09:00  INFO 21813 --- [daypoo-api] [           main] .RepositoryConfigurationExtensionSupport : Spring Data Redis - Could not safely identify store assignment for repository candidate interface com.daypoo.api.repository.InquiryRepository; If you want this repository to be a Redis repository, consider annotating your entities with one of these annotations: org.springframework.data.redis.core.RedisHash (preferred), or consider extending one of the following types with your repository: org.springframework.data.keyvalue.repository.KeyValueRepository
2026-03-18T14:22:07.528+09:00  INFO 21813 --- [daypoo-api] [           main] .RepositoryConfigurationExtensionSupport : Spring Data Redis - Could not safely identify store assignment for repository candidate interface com.daypoo.api.repository.InventoryRepository; If you want this repository to be a Redis repository, consider annotating your entities with one of these annotations: org.springframework.data.redis.core.RedisHash (preferred), or consider extending one of the following types with your repository: org.springframework.data.keyvalue.repository.KeyValueRepository
2026-03-18T14:22:07.528+09:00  INFO 21813 --- [daypoo-api] [           main] .RepositoryConfigurationExtensionSupport : Spring Data Redis - Could not safely identify store assignment for repository candidate interface com.daypoo.api.repository.ItemRepository; If you want this repository to be a Redis repository, consider annotating your entities with one of these annotations: org.springframework.data.redis.core.RedisHash (preferred), or consider extending one of the following types with your repository: org.springframework.data.keyvalue.repository.KeyValueRepository
2026-03-18T14:22:07.528+09:00  INFO 21813 --- [daypoo-api] [           main] .RepositoryConfigurationExtensionSupport : Spring Data Redis - Could not safely identify store assignment for repository candidate interface com.daypoo.api.repository.NotificationRepository; If you want this repository to be a Redis repository, consider annotating your entities with one of these annotations: org.springframework.data.redis.core.RedisHash (preferred), or consider extending one of the following types with your repository: org.springframework.data.keyvalue.repository.KeyValueRepository
2026-03-18T14:22:07.528+09:00  INFO 21813 --- [daypoo-api] [           main] .RepositoryConfigurationExtensionSupport : Spring Data Redis - Could not safely identify store assignment for repository candidate interface com.daypoo.api.repository.PooRecordRepository; If you want this repository to be a Redis repository, consider annotating your entities with one of these annotations: org.springframework.data.redis.core.RedisHash (preferred), or consider extending one of the following types with your repository: org.springframework.data.keyvalue.repository.KeyValueRepository
2026-03-18T14:22:07.528+09:00  INFO 21813 --- [daypoo-api] [           main] .RepositoryConfigurationExtensionSupport : Spring Data Redis - Could not safely identify store assignment for repository candidate interface com.daypoo.api.repository.TitleRepository; If you want this repository to be a Redis repository, consider annotating your entities with one of these annotations: org.springframework.data.redis.core.RedisHash (preferred), or consider extending one of the following types with your repository: org.springframework.data.keyvalue.repository.KeyValueRepository
2026-03-18T14:22:07.529+09:00  INFO 21813 --- [daypoo-api] [           main] .RepositoryConfigurationExtensionSupport : Spring Data Redis - Could not safely identify store assignment for repository candidate interface com.daypoo.api.repository.ToiletRepository; If you want this repository to be a Redis repository, consider annotating your entities with one of these annotations: org.springframework.data.redis.core.RedisHash (preferred), or consider extending one of the following types with your repository: org.springframework.data.keyvalue.repository.KeyValueRepository
2026-03-18T14:22:07.529+09:00  INFO 21813 --- [daypoo-api] [           main] .RepositoryConfigurationExtensionSupport : Spring Data Redis - Could not safely identify store assignment for repository candidate interface com.daypoo.api.repository.UserRepository; If you want this repository to be a Redis repository, consider annotating your entities with one of these annotations: org.springframework.data.redis.core.RedisHash (preferred), or consider extending one of the following types with your repository: org.springframework.data.keyvalue.repository.KeyValueRepository
2026-03-18T14:22:07.529+09:00  INFO 21813 --- [daypoo-api] [           main] .RepositoryConfigurationExtensionSupport : Spring Data Redis - Could not safely identify store assignment for repository candidate interface com.daypoo.api.repository.UserTitleRepository; If you want this repository to be a Redis repository, consider annotating your entities with one of these annotations: org.springframework.data.redis.core.RedisHash (preferred), or consider extending one of the following types with your repository: org.springframework.data.keyvalue.repository.KeyValueRepository
2026-03-18T14:22:07.529+09:00  INFO 21813 --- [daypoo-api] [           main] .s.d.r.c.RepositoryConfigurationDelegate : Finished Spring Data repository scanning in 5 ms. Found 0 Redis repository interfaces.
2026-03-18T14:22:07.951+09:00  INFO 21813 --- [daypoo-api] [           main] o.s.b.w.embedded.tomcat.TomcatWebServer  : Tomcat initialized with port 8080 (http)
2026-03-18T14:22:07.959+09:00  INFO 21813 --- [daypoo-api] [           main] o.apache.catalina.core.StandardService   : Starting service [Tomcat]
2026-03-18T14:22:07.959+09:00  INFO 21813 --- [daypoo-api] [           main] o.apache.catalina.core.StandardEngine    : Starting Servlet engine: [Apache Tomcat/10.1.36]
2026-03-18T14:22:07.987+09:00  INFO 21813 --- [daypoo-api] [           main] o.a.c.c.C.[Tomcat].[localhost].[/]       : Initializing Spring embedded WebApplicationContext
2026-03-18T14:22:07.988+09:00  INFO 21813 --- [daypoo-api] [           main] w.s.c.ServletWebServerApplicationContext : Root WebApplicationContext: initialization completed in 1146 ms
2026-03-18T14:22:08.143+09:00  INFO 21813 --- [daypoo-api] [           main] com.zaxxer.hikari.HikariDataSource       : HikariPool-1 - Starting...
2026-03-18T14:22:08.245+09:00  INFO 21813 --- [daypoo-api] [           main] com.zaxxer.hikari.pool.HikariPool        : HikariPool-1 - Added connection org.postgresql.jdbc.PgConnection@3e28af44
2026-03-18T14:22:08.245+09:00  INFO 21813 --- [daypoo-api] [           main] com.zaxxer.hikari.HikariDataSource       : HikariPool-1 - Start completed.
2026-03-18T14:22:08.298+09:00  INFO 21813 --- [daypoo-api] [           main] o.hibernate.jpa.internal.util.LogHelper  : HHH000204: Processing PersistenceUnitInfo [name: default]
2026-03-18T14:22:08.325+09:00  INFO 21813 --- [daypoo-api] [           main] org.hibernate.Version                    : HHH000412: Hibernate ORM core version 6.6.8.Final
2026-03-18T14:22:08.330+09:00  INFO 21813 --- [daypoo-api] [           main] o.h.spatial.integration.SpatialService   : HHH80000001: hibernate-spatial integration enabled : true
2026-03-18T14:22:08.343+09:00  INFO 21813 --- [daypoo-api] [           main] o.h.c.internal.RegionFactoryInitiator    : HHH000026: Second-level cache disabled
2026-03-18T14:22:08.429+09:00  WARN 21813 --- [daypoo-api] [           main] org.hibernate.orm.deprecation            : HHH90000025: PostgreSQLDialect does not need to be specified explicitly using 'hibernate.dialect' (remove the property setting and it will be selected by default)
2026-03-18T14:22:08.436+09:00  INFO 21813 --- [daypoo-api] [           main] org.hibernate.orm.connections.pooling    : HHH10001005: Database info:
	Database JDBC URL [Connecting through datasource 'HikariDataSource (HikariPool-1)']
	Database driver: undefined/unknown
	Database version: 16.4
	Autocommit mode: undefined/unknown
	Isolation level: undefined/unknown
	Minimum pool size: undefined/unknown
	Maximum pool size: undefined/unknown
2026-03-18T14:22:08.442+09:00  INFO 21813 --- [daypoo-api] [           main] org.hibernate.spatial                    : HHH80000003: hibernate-spatial adding type contributions from : org.hibernate.spatial.dialect.postgis.PostgisDialectContributor
2026-03-18T14:22:08.543+09:00  INFO 21813 --- [daypoo-api] [           main] o.s.o.j.p.SpringPersistenceUnitInfo      : No LoadTimeWeaver setup: ignoring JPA class transformer
2026-03-18T14:22:08.554+09:00  INFO 21813 --- [daypoo-api] [           main] org.hibernate.spatial                    : HHH80000003: hibernate-spatial adding type contributions from : org.hibernate.spatial.dialect.postgis.PostgisDialectContributor
2026-03-18T14:22:08.725+09:00  INFO 21813 --- [daypoo-api] [           main] org.hibernate.spatial                    : HHH80000004: hibernate-spatial adding function contributions from : org.hibernate.spatial.dialect.postgis.PostgisDialectContributor
2026-03-18T14:22:09.054+09:00  INFO 21813 --- [daypoo-api] [           main] o.h.e.t.j.p.i.JtaPlatformInitiator       : HHH000489: No JTA platform available (set 'hibernate.transaction.jta.platform' to enable JTA platform integration)
2026-03-18T14:22:09.438+09:00  INFO 21813 --- [daypoo-api] [           main] j.LocalContainerEntityManagerFactoryBean : Initialized JPA EntityManagerFactory for persistence unit 'default'
2026-03-18T14:22:09.669+09:00  INFO 21813 --- [daypoo-api] [           main] o.s.d.j.r.query.QueryEnhancerFactory     : Hibernate is in classpath; If applicable, HQL parser will be used.
2026-03-18T14:22:10.375+09:00  WARN 21813 --- [daypoo-api] [           main] JpaBaseConfiguration$JpaWebConfiguration : spring.jpa.open-in-view is enabled by default. Therefore, database queries may be performed during view rendering. Explicitly configure spring.jpa.open-in-view to disable this warning
2026-03-18T14:22:10.638+09:00  INFO 21813 --- [daypoo-api] [           main] o.s.b.a.e.web.EndpointLinksResolver      : Exposing 1 endpoint beneath base path '/actuator'
2026-03-18T14:22:11.141+09:00  INFO 21813 --- [daypoo-api] [           main] o.s.b.w.embedded.tomcat.TomcatWebServer  : Tomcat started on port 8080 (http) with context path '/'
2026-03-18T14:22:11.152+09:00  INFO 21813 --- [daypoo-api] [           main] com.daypoo.api.ApiApplication            : Started ApiApplication in 4.531 seconds (process running for 4.719)
2026-03-18T14:22:11.186+09:00  INFO 21813 --- [daypoo-api] [           main] com.daypoo.api.ApiApplication            : 🌟 Starting FINAL AUTO-PILOT SYNC (Page 1-1000)...
2026-03-18T14:22:11.186+09:00  INFO 21813 --- [daypoo-api] [           main] c.d.api.service.PublicDataSyncService    : 🚀 Starting AUTO-PILOT public data sync from page 1...
